
d = 5  (Eq. 6 dt* = 0.7143, T = 10.0)
  dt=0.1429   rounds=70    guppy 0.2707 (98/362) ref 0.2471 (4942/20000)  OK +9.6%  [40s]
  dt=0.2601   rounds=38    guppy 0.2008 (95/473) ref 0.1776 (3551/20000)  OK +13.1%  [30s]
  dt=0.4735   rounds=21    guppy 0.1556 (87/559) ref 0.1439 (2878/20000)  OK +8.2%  [22s]
  dt=0.8620   rounds=12    guppy 0.1541 (86/558) ref 0.1351 (2702/20000)  OK +14.1%  [15s]
  dt=1.5694   rounds=6     guppy 0.1546 (81/524) ref 0.1317 (2634/20000)  OK +17.4%  [11s]
  dt=2.8571   rounds=4     guppy 0.2178 (76/349) ref 0.1834 (3668/20000)  OK +18.7%  [9s]
  refined 9 reference points around dt=1.5694
  dt* = 0.9343 +/- 0.0676  (Eq. 6 0.7143, +30.8%)

d = 7  (Eq. 6 dt* = 0.4545, T = 10.0)
  dt=0.0909   rounds=110   guppy 0.1510 (77/510) ref 0.1689 (3379/20000)  OK -10.6%  [132s*]
  dt=0.1655   rounds=60    guppy 0.1021 (82/803) ref 0.1187 (2374/20000)  OK -14.0%  [118s]
  dt=0.3013   rounds=33    guppy 0.0733 (73/996) ref 0.0895 (1789/20000)  OK -18.1%  [81s]
  dt=0.5486   rounds=18    guppy 0.0682 (71/1041) ref 0.0833 (1667/20000)  OK -18.2%  [50s]
  dt=0.9987   rounds=10    guppy 0.0788 (67/850) ref 0.0900 (1800/20000)  OK -12.4%  [29s]
  dt=1.8182   rounds=6     guppy 0.1226 (64/522) ref 0.1277 (2554/20000)  OK -4.0%  [11s]
  refined 9 reference points around dt=0.5486
  dt* = 0.5546 +/- 0.0114  (Eq. 6 0.4545, +22.0%)

d = 9  (Eq. 6 dt* = 0.3333, T = 10.0)
  dt=0.0667   rounds=150   guppy 0.0844 (19/225) ref 0.1011 (1123/11110)  OK -16.5%  [122s*]
  dt=0.1214   rounds=82    guppy 0.0581 (24/413) ref 0.0684 (1368/20000)  OK -15.0%  [116s*]
  dt=0.2210   rounds=45    guppy 0.0479 (36/752) ref 0.0536 (1072/20000)  OK -10.7%  [117s*]
  dt=0.4023   rounds=25    guppy 0.0502 (68/1355) ref 0.0479 (958/20000)  OK +4.8%  [118s*]
  dt=0.7324   rounds=14    guppy 0.0549 (85/1548) ref 0.0541 (1083/20000)  OK +1.4%  [96s]
  dt=1.3333   rounds=8     guppy 0.0813 (71/873) ref 0.0798 (1595/20000)  OK +2.0%  [40s]
  refined 9 reference points around dt=0.4023
  dt* = 0.3888 +/- 0.0109  (Eq. 6 0.3333, +16.7%)

=== Stage 4a, 22.0 min ===
1. Agreement: 18/18 points overlap at 99.9%
  d           dt* fitted    Eq. 6      dev    1/dt*
  5        0.9343+/-0.0676   0.7143   +30.8%    1.070
  7        0.5546+/-0.0114   0.4545   +22.0%    1.803
  9        0.3888+/-0.0109   0.3333   +16.7%    2.572
3. 1/dt* = (0.376 +/- 0.026) d + (-0.821 +/- 0.189)   [paper eta = 0.402]
